// Jest Snapshot v1, https://goo.gl/fbAQLP

exports[`Should display a hierarchy of entities from units for admin 1`] = `
Array [
  Object {
    "href": "/clients",
    "text": "All Clients",
  },
  Object {
    "href": "/sites?client_id=63",
    "parent": [Function],
    "text": " A marvelous client",
  },
  Object {
    "href": "/buildings?site_id=1455",
    "parent": [Function],
    "text": " Site: Some office",
  },
  Object {
    "href": "/floors?building_id=2669",
    "parent": [Function],
    "text": " Building: Gotham, A",
  },
  Object {
    "href": "/units?floor_id=12300",
    "parent": [Function],
    "payload": Object {
      "building_id": 2669,
      "client_unit_mapping_link": null,
      "created": "2020-07-17T09:23:25.893567",
      "floor_number": 1,
      "gcs_de_dxf_link": null,
      "gcs_de_floorplan_link": null,
      "gcs_en_dxf_link": null,
      "gcs_en_floorplan_link": null,
      "gcs_heat_map_buildings_link": null,
      "gcs_heat_map_greenery_link": null,
      "gcs_heat_map_ground_link": null,
      "gcs_heat_map_isovist_link": null,
      "gcs_heat_map_mountains_link": null,
      "gcs_heat_map_railway_tracks_link": null,
      "gcs_heat_map_site_view_link": null,
      "gcs_heat_map_sky_view_link": null,
      "gcs_heat_map_streets_link": null,
      "gcs_heat_map_sun_december_afternoon_link": null,
      "gcs_heat_map_sun_december_midday_link": null,
      "gcs_heat_map_sun_december_morning_link": null,
      "gcs_heat_map_sun_june_afternoon_link": null,
      "gcs_heat_map_sun_june_midday_link": null,
      "gcs_heat_map_sun_june_morning_link": null,
      "gcs_heat_map_sun_march_afternoon_link": null,
      "gcs_heat_map_sun_march_midday_link": null,
      "gcs_heat_map_sun_march_morning_link": null,
      "gcs_heat_map_water_link": null,
      "georef_z": null,
      "id": 12300,
      "plan_id": 7514,
      "updated": null,
    },
    "text": "Floor 1",
  },
]
`;
